Microchip MPLAB XC8 Compiler V2.41

Linker command line:

-W-3 \
  --edf=C:\Program Files\Microchip\xc8\v2.41\pic\dat\20230208172133_en.msgs \
  -cn -h+dist/default/production\Car_Black_box.X.production.sym \
  --cmf=dist/default/production\Car_Black_box.X.production.cmf -z -Q18F4580 \
  -oC:\Users\HP\AppData\Local\Temp\xcAsrec.\driver_tmp_3.o \
  --defsym=__MPLAB_BUILD=1 --fixupoverflow=error \
  -Mdist/default/production/Car_Black_box.X.production.map \
  --md=C:\Users\HP\AppData\Local\Temp\xcAsrec.\driver_tmp_0.dat -E1 \
  -ver=XC8 Compiler --acfsm=1493 -ACODE=00h-03000h -ACONST=00h-03000h \
  -ASMALLCONST=0600h-06FFhx42,03000h-03000h -AMEDIUMCONST=0600h-03000h \
  -ACOMRAM=01h-05Fh -AABS1=00h-05FFh -ABIGRAM=01h-05FFh \
  -ARAM=060h-0FFh,0100h-01FFhx5 -ABANK0=060h-0FFh -ABANK1=0100h-01FFh \
  -ABANK2=0200h-02FFh -ABANK3=0300h-03FFh -ABANK4=0400h-04FFh \
  -ABANK5=0500h-05FFh -ASFR=0D00h-0DFFhx2,0F00h-0F5Fh,0F60h-0FFFh \
  -ABIGSFR=0D00h-0FFFh -ACONFIG=0300000h-030000Dh -AIDLOC=0200000h-0200007h \
  -AEEDATA=0F00000h-0F000FFh -peeprom_data=EEDATA \
  -preset_vec=00h,intcode=08h,intcodelo,powerup,init -pramtop=0600h \
  -psmallconst=SMALLCONST -pmediumconst=MEDIUMCONST -pconst=CONST \
  -AFARRAM=00h-00h \
  -prdata=COMRAM,nvrram=COMRAM,nvbit=COMRAM,rbss=COMRAM,rbit=COMRAM \
  -pfarbss=FARRAM,fardata=FARRAM,nvFARRAM=FARRAM \
  -pintsave_regs=BIGRAM,bigbss=BIGRAM,bigdata=BIGRAM -pbss=RAM \
  -pidata=CODE,irdata=CODE,ibigdata=CODE,ifardata=CODE -prparam=COMRAM \
  C:\Users\HP\AppData\Local\Temp\xcAsrec.\driver_tmp_9.o \
  dist/default/production\Car_Black_box.X.production.o 

Object code version is 3.11

Machine type is 18F4580



                Name                               Link     Load   Length Selector   Space Scale
C:\Users\HP\AppData\Local\Temp\xcAsrec.\driver_tmp_9.o
                idloc                            200000   200000        8        0       5
                config                           300000   300000        E        0       4
                init                                  E        E        4        4       0
                reset_vec                             0        0        4        0       0
dist/default/production\Car_Black_box.X.production.o
                intcode                               8        8        6        4       0
                idloc                            200000   200000        8        0       5
                config                           300000   300000        E        0       4
                temp                                 5E       5E        1        1       1
                mediumconst                        2EF6     2EF6      10A     177B       0
                intcode_body                       1EB4     1EB4       5A        4       0
                text45                             2226     2226        2        4       0
                text44                             2030     2030       3A        4       0
                text43                             1D7E     1D7E       6C        4       0
                text42                             1F0E     1F0E       56        4       0
                text41                              9C4      9C4      39A        4       0
                text40                             16D2     16D2      106        4       0
                text39                             1D0A     1D0A       74        4       0
                text38                             1E50     1E50       64        4       0
                text37                             113A     113A      1B4        4       0
                text36                             215E     215E       18        4       0
                text35                             21C6     21C6       12        4       0
                text34                             1F64     1F64       48        4       0
                text33                              D5E      D5E      202        4       0
                text32                             218C     218C       16        4       0
                text31                             2220     2220        6        4       0
                text30                             21B4     21B4       12        4       0
                text29                             2218     2218        8        4       0
                text28                             21E4     21E4        C        4       0
                text27                             2210     2210        8        4       0
                text26                             2208     2208        8        4       0
                text25                             2200     2200        8        4       0
                text24                             21D8     21D8        C        4       0
                text23                             20C0     20C0       2A        4       0
                text22                             1A78     1A78       B6        4       0
                text21                             19B4     19B4       C4        4       0
                text20                             1B2E     1B2E       B0        4       0
                text19                             2096     2096       2A        4       0
                text18                             1C86     1C86       84        4       0
                text17                             15CC     15CC      106        4       0
                text16                             18D2     18D2       E2        4       0
                text15                             2126     2126       1E        4       0
                text14                               12       12      5E4        4       0
                text13                             12EE     12EE      1AA        4       0
                text12                             1FF0     1FF0       40        4       0
                text11                             17D8     17D8       FA        4       0
                text10                             2108     2108       1E        4       0
                text9                              1BDE     1BDE       A8        4       0
                text8                              1FAC     1FAC       44        4       0
                text7                              2176     2176       16        4       0
                text6                              21F8     21F8        8        4       0
                text5                              2144     2144       1A        4       0
                text4                              21A2     21A2       12        4       0
                text3                              20EA     20EA       1E        4       0
                text2                               F60      F60      1DA        4       0
                text1                               5F6      5F6      3CE        4       0
                text0                              1498     1498      134        4       0
                cstackCOMRAM                          1        1       32        1       1
                dataBANK0                            8F       8F       2C       60       1
                bssBANK0                             60       60       2F       60       1
                dataCOMRAM                           56       56        8        1       1
                bssCOMRAM                            33       33       23        1       1
                cinit                              1DEA     1DEA       66        4       0
                idataBANK0                         206A     206A       2C        4       0
                idataCOMRAM                        21F0     21F0        8        4       0

TOTAL           Name                               Link     Load   Length     Space
        CLASS   CODE           
                intcode                               8        8        6         0
                init                                  E        E        4         0
                reset_vec                             0        0        4         0
                intcode_body                       1EB4     1EB4       5A         0
                text45                             2226     2226        2         0
                text44                             2030     2030       3A         0
                text43                             1D7E     1D7E       6C         0
                text42                             1F0E     1F0E       56         0
                text41                              9C4      9C4      39A         0
                text40                             16D2     16D2      106         0
                text39                             1D0A     1D0A       74         0
                text38                             1E50     1E50       64         0
                text37                             113A     113A      1B4         0
                text36                             215E     215E       18         0
                text35                             21C6     21C6       12         0
                text34                             1F64     1F64       48         0
                text33                              D5E      D5E      202         0
                text32                             218C     218C       16         0
                text31                             2220     2220        6         0
                text30                             21B4     21B4       12         0
                text29                             2218     2218        8         0
                text28                             21E4     21E4        C         0
                text27                             2210     2210        8         0
                text26                             2208     2208        8         0
                text25                             2200     2200        8         0
                text24                             21D8     21D8        C         0
                text23                             20C0     20C0       2A         0
                text22                             1A78     1A78       B6         0
                text21                             19B4     19B4       C4         0
                text20                             1B2E     1B2E       B0         0
                text19                             2096     2096       2A         0
                text18                             1C86     1C86       84         0
                text17                             15CC     15CC      106         0
                text16                             18D2     18D2       E2         0
                text15                             2126     2126       1E         0
                text14                               12       12      5E4         0
                text13                             12EE     12EE      1AA         0
                text12                             1FF0     1FF0       40         0
                text11                             17D8     17D8       FA         0
                text10                             2108     2108       1E         0
                text9                              1BDE     1BDE       A8         0
                text8                              1FAC     1FAC       44         0
                text7                              2176     2176       16         0
                text6                              21F8     21F8        8         0
                text5                              2144     2144       1A         0
                text4                              21A2     21A2       12         0
                text3                              20EA     20EA       1E         0
                text2                               F60      F60      1DA         0
                text1                               5F6      5F6      3CE         0
                text0                              1498     1498      134         0
                cinit                              1DEA     1DEA       66         0
                idataBANK0                         206A     206A       2C         0
                idataCOMRAM                        21F0     21F0        8         0

        CLASS   CONST          

        CLASS   SMALLCONST     

        CLASS   MEDIUMCONST    
                mediumconst                        2EF6     2EF6      10A         0

        CLASS   COMRAM         
                temp                                 5E       5E        1         1
                cstackCOMRAM                          1        1       32         1
                dataCOMRAM                           56       56        8         1
                bssCOMRAM                            33       33       23         1

        CLASS   ABS1           

        CLASS   BIGRAM         

        CLASS   RAM            

        CLASS   BANK0          
                dataBANK0                            8F       8F       2C         1
                bssBANK0                             60       60       2F         1

        CLASS   BANK1          

        CLASS   BANK2          

        CLASS   BANK3          

        CLASS   BANK4          

        CLASS   BANK5          

        CLASS   SFR            

        CLASS   BIGSFR         

        CLASS   CONFIG         
                config                           300000   300000        E         4

        CLASS   IDLOC          
                idloc                            200000   200000        8         5

        CLASS   EEDATA         

        CLASS   FARRAM         

        CLASS   HEAP           

        CLASS   STACK          



SEGMENTS        Name                           Load    Length   Top    Selector   Space  Class

                reset_vec                      000000  000004  000004         0       0  CODE    
                cstackCOMRAM                   000001  00005E  00005F         1       1  COMRAM  
                intcode                        000008  002220  002228         4       0  CODE    
                bssBANK0                       000060  00005B  0000BB        60       1  BANK0   
                mediumconst                    002EF6  00010A  003000      177B       0  MEDIUMCO


UNUSED ADDRESS RANGES

        Name                Unused          Largest block    Delta
        BANK0            0000BB-0000FF               45
        BANK1            000100-0001FF              100
        BANK2            000200-0002FF              100
        BANK3            000300-0003FF              100
        BANK4            000400-0004FF              100
        BANK5            000500-0005FF              100
        BIGRAM           00005F-00005F                1
                         0000BB-0005FF              545
        BIGSFR           000D00-000FFF              300
        CODE             000004-000007                4
                         002228-002EF5              CCE
                         003000-003000                1
        COMRAM           00005F-00005F                1
        CONST            000004-000007                4
                         002228-002EF5              CCE
                         003000-003000                1
        EEDATA           F00000-F000FF              100
        MEDIUMCONST      002228-002EF5              CCE
                         003000-003000                1
        RAM              0000BB-0005FF              100
        SFR              000D00-000FFF              100
        SMALLCONST       002228-002EF5              100
                         003000-003000                1

                                  Symbol Table

?___awdiv                      cstackCOMRAM 000001
?___awmod                      cstackCOMRAM 000001
?___fldiv                      cstackCOMRAM 00000F
?___fltol                      cstackCOMRAM 000028
?___lwdiv                      cstackCOMRAM 000001
?___lwmod                      cstackCOMRAM 000008
?___xxtofl                     cstackCOMRAM 000001
?_read_adc                     cstackCOMRAM 000001
Download_Log@down_add          bssCOMRAM    00004E
Download_Log@i                 cstackCOMRAM 000006
Download_Log@j                 bssCOMRAM    00004F
Set_time@field_flag            cstackCOMRAM 000020
Set_time@hours                 cstackCOMRAM 00001E
Set_time@i                     cstackCOMRAM 000013
Set_time@minutes               cstackCOMRAM 00001C
Set_time@s_key                 cstackCOMRAM 000019
Set_time@seconds               cstackCOMRAM 00001A
Set_time@set_dummy             bssCOMRAM    00004D
Set_time@wait                  cstackCOMRAM 000015
View_Log@i                     cstackCOMRAM 00000F
View_Log@i_287                 cstackCOMRAM 000011
View_Log@i_288                 cstackCOMRAM 000013
View_Log@view_flag             bssCOMRAM    000050
_ACKDT                         (abs)        007E2D
_ACKEN                         (abs)        007E2C
_ACKSTAT                       (abs)        007E2E
_ACQT0                         (abs)        007E03
_ACQT1                         (abs)        007E04
_ACQT2                         (abs)        007E05
_ADCON0                        (abs)        000FC2
_ADCS0                         (abs)        007E00
_ADCS1                         (abs)        007E01
_ADCS2                         (abs)        007E02
_ADFM                          (abs)        007E07
_ADON                          (abs)        007E10
_ADRESH                        (abs)        000FC4
_ADRESL                        (abs)        000FC3
_BCLIF                         (abs)        007D0B
_BRGH                          (abs)        007D62
_CKE                           (abs)        007E3E
_CREN                          (abs)        007D5C
_Change_password               text45       002226
_Clear_log                     text42       001F0E
_Clear_log_flag                bssCOMRAM    00003A
_Dashboard_diplay              text33       000D5E
_Download_Log                  text22       001A78
_GIE                           (abs)        007F97
_GO                            (abs)        007E11
_PCFG0                         (abs)        007E08
_PCFG1                         (abs)        007E09
_PCFG2                         (abs)        007E0A
_PCFG3                         (abs)        007E0B
_PEIE                          (abs)        007F96
_PEN                           (abs)        007E2A
_PORTD                         (abs)        000F83
_PSA                           (abs)        007EAB
_RB1                           (abs)        007C09
_RB2                           (abs)        007C0A
_RB3                           (abs)        007C0B
_RB4                           (abs)        007C0C
_RB5                           (abs)        007C0D
_RB6                           (abs)        007C0E
_RB7                           (abs)        007C0F
_RBPU                          (abs)        007F8F
_RC0                           (abs)        007C10
_RC1                           (abs)        007C11
_RC2                           (abs)        007C12
_RCEN                          (abs)        007E2B
_RCIE                          (abs)        007CED
_RD7                           (abs)        007C1F
_RSEN                          (abs)        007E29
_SEN                           (abs)        007E28
_SMP                           (abs)        007E3F
_SPBRG                         (abs)        000FAF
_SPEN                          (abs)        007D5F
_SSPADD                        (abs)        000FC8
_SSPBUF                        (abs)        000FC9
_SSPCON1                       (abs)        000FC6
_SSPIF                         (abs)        007CF3
_Set_time                      text14       000012
_T08BIT                        (abs)        007EAE
_T0CS                          (abs)        007EAD
_TMR0                          (abs)        000FD6
_TMR0IE                        (abs)        007F95
_TMR0IF                        (abs)        007F92
_TMR0ON                        (abs)        007EAF
_TRISB                         (abs)        000F93
_TRISC                         (abs)        000F94
_TRISC3                        (abs)        007CA3
_TRISC4                        (abs)        007CA4
_TRISC6                        (abs)        007CA6
_TRISC7                        (abs)        007CA7
_TRISD                         (abs)        000F95
_TRISD7                        (abs)        007CAF
_TXIF                          (abs)        007CF4
_TXREG                         (abs)        000FAD
_VCFG0                         (abs)        007E0C
_VCFG1                         (abs)        007E0D
_View_Log                      text13       0012EE
__HRAM                         (abs)        000000
__H__absolute__                __absolute__ 000000
__Habs1                        abs1         000000
__Hbank0                       bank0        000000
__Hbank1                       bank1        000000
__Hbank2                       bank2        000000
__Hbank3                       bank3        000000
__Hbank4                       bank4        000000
__Hbank5                       bank5        000000
__Hbigbss                      bigbss       000000
__Hbigdata                     bigdata      000000
__Hbigram                      bigram       000000
__Hbigsfr                      bigsfr       000000
__Hbss                         bss          000000
__HbssBANK0                    bssBANK0     000000
__HbssCOMRAM                   bssCOMRAM    000000
__Hcinit                       cinit        000000
__Hclrtext                     clrtext      000000
__Hcomram                      comram       000000
__Hconfig                      config       30000E
__Hconst                       const        000000
__HcstackCOMRAM                cstackCOMRAM 000000
__Hdata                        data         000000
__HdataBANK0                   dataBANK0    000000
__HdataCOMRAM                  dataCOMRAM   000000
__Heeprom_data                 eeprom_data  000000
__Hfarbss                      farbss       000000
__Hfardata                     fardata      000000
__Hheap                        heap         000000
__Hibigdata                    ibigdata     000000
__Hidata                       idata        000000
__HidataBANK0                  idataBANK0   000000
__HidataCOMRAM                 idataCOMRAM  000000
__Hidloc                       idloc        200008
__Hifardata                    ifardata     000000
__Hinit                        init         000012
__Hintcode                     intcode      00000E
__Hintcode_body                intcode_body 000000
__Hintcodelo                   intcodelo    00000E
__Hintentry                    intentry     000000
__Hintret                      intret       000000
__Hintsave_regs                intsave_regs 000000
__Hirdata                      irdata       000000
__Hmediumconst                 mediumconst  003000
__HnvFARRAM                    nvFARRAM     000000
__Hnvbit                       nvbit        000000
__Hnvrram                      nvrram       000000
__Hparam                       rparam       000000
__Hpowerup                     powerup      00000E
__Hram                         ram          000000
__Hramtop                      ramtop       000600
__Hrbit                        rbit         000000
__Hrbss                        rbss         000000
__Hrdata                       rdata        000000
__Hreset_vec                   reset_vec    000004
__Hrparam                      rparam       000000
__Hsfr                         sfr          000000
__Hsmallconst                  smallconst   000000
__Hspace_0                     (abs)        003000
__Hspace_1                     (abs)        0000BB
__Hspace_2                     (abs)        000000
__Hspace_4                     (abs)        60000E
__Hstack                       stack        000000
__Hstruct                      struct       000000
__Htemp                        temp         00005F
__Htext                        text         000000
__Htext0                       text0        000000
__Htext1                       text1        000000
__Htext10                      text10       000000
__Htext11                      text11       000000
__Htext12                      text12       000000
__Htext13                      text13       000000
__Htext14                      text14       000000
__Htext15                      text15       000000
__Htext16                      text16       000000
__Htext17                      text17       000000
__Htext18                      text18       000000
__Htext19                      text19       000000
__Htext2                       text2        000000
__Htext20                      text20       000000
__Htext21                      text21       000000
__Htext22                      text22       000000
__Htext23                      text23       000000
__Htext24                      text24       000000
__Htext25                      text25       000000
__Htext26                      text26       000000
__Htext27                      text27       000000
__Htext28                      text28       000000
__Htext29                      text29       000000
__Htext3                       text3        000000
__Htext30                      text30       000000
__Htext31                      text31       000000
__Htext32                      text32       000000
__Htext33                      text33       000000
__Htext34                      text34       000000
__Htext35                      text35       000000
__Htext36                      text36       000000
__Htext37                      text37       000000
__Htext38                      text38       000000
__Htext39                      text39       000000
__Htext4                       text4        000000
__Htext40                      text40       000000
__Htext41                      text41       000000
__Htext42                      text42       000000
__Htext43                      text43       000000
__Htext44                      text44       000000
__Htext45                      text45       000000
__Htext5                       text5        000000
__Htext6                       text6        000000
__Htext7                       text7        000000
__Htext8                       text8        000000
__Htext9                       text9        000000
__LRAM                         (abs)        000001
__L__absolute__                __absolute__ 000000
__Labs1                        abs1         000000
__Lbank0                       bank0        000000
__Lbank1                       bank1        000000
__Lbank2                       bank2        000000
__Lbank3                       bank3        000000
__Lbank4                       bank4        000000
__Lbank5                       bank5        000000
__Lbigbss                      bigbss       000000
__Lbigdata                     bigdata      000000
__Lbigram                      bigram       000000
__Lbigsfr                      bigsfr       000000
__Lbss                         bss          000000
__LbssBANK0                    bssBANK0     000000
__LbssCOMRAM                   bssCOMRAM    000000
__Lcinit                       cinit        000000
__Lclrtext                     clrtext      000000
__Lcomram                      comram       000000
__Lconfig                      config       000000
__Lconst                       const        000000
__LcstackCOMRAM                cstackCOMRAM 000000
__Ldata                        data         000000
__LdataBANK0                   dataBANK0    000000
__LdataCOMRAM                  dataCOMRAM   000000
__Leeprom_data                 eeprom_data  000000
__Lfarbss                      farbss       000000
__Lfardata                     fardata      000000
__Lheap                        heap         000000
__Libigdata                    ibigdata     000000
__Lidata                       idata        000000
__LidataBANK0                  idataBANK0   000000
__LidataCOMRAM                 idataCOMRAM  000000
__Lidloc                       idloc        000000
__Lifardata                    ifardata     000000
__Linit                        init         00000E
__Lintcode                     intcode      000008
__Lintcode_body                intcode_body 000000
__Lintcodelo                   intcodelo    00000E
__Lintentry                    intentry     000000
__Lintret                      intret       000000
__Lintsave_regs                intsave_regs 000000
__Lirdata                      irdata       000000
__Lmediumconst                 mediumconst  002EF6
__LnvFARRAM                    nvFARRAM     000000
__Lnvbit                       nvbit        000000
__Lnvrram                      nvrram       000000
__Lparam                       rparam       000000
__Lpowerup                     powerup      00000E
__Lram                         ram          000000
__Lramtop                      ramtop       000600
__Lrbit                        rbit         000000
__Lrbss                        rbss         000000
__Lrdata                       rdata        000000
__Lreset_vec                   reset_vec    000000
__Lrparam                      rparam       000000
__Lsfr                         sfr          000000
__Lsmallconst                  smallconst   000000
__Lspace_0                     (abs)        000000
__Lspace_1                     (abs)        000000
__Lspace_2                     (abs)        000000
__Lspace_4                     (abs)        000000
__Lstack                       stack        000000
__Lstruct                      struct       000000
__Ltemp                        temp         00005E
__Ltext                        text         000000
__Ltext0                       text0        000000
__Ltext1                       text1        000000
__Ltext10                      text10       000000
__Ltext11                      text11       000000
__Ltext12                      text12       000000
__Ltext13                      text13       000000
__Ltext14                      text14       000000
__Ltext15                      text15       000000
__Ltext16                      text16       000000
__Ltext17                      text17       000000
__Ltext18                      text18       000000
__Ltext19                      text19       000000
__Ltext2                       text2        000000
__Ltext20                      text20       000000
__Ltext21                      text21       000000
__Ltext22                      text22       000000
__Ltext23                      text23       000000
__Ltext24                      text24       000000
__Ltext25                      text25       000000
__Ltext26                      text26       000000
__Ltext27                      text27       000000
__Ltext28                      text28       000000
__Ltext29                      text29       000000
__Ltext3                       text3        000000
__Ltext30                      text30       000000
__Ltext31                      text31       000000
__Ltext32                      text32       000000
__Ltext33                      text33       000000
__Ltext34                      text34       000000
__Ltext35                      text35       000000
__Ltext36                      text36       000000
__Ltext37                      text37       000000
__Ltext38                      text38       000000
__Ltext39                      text39       000000
__Ltext4                       text4        000000
__Ltext40                      text40       000000
__Ltext41                      text41       000000
__Ltext42                      text42       000000
__Ltext43                      text43       000000
__Ltext44                      text44       000000
__Ltext45                      text45       000000
__Ltext5                       text5        000000
__Ltext6                       text6        000000
__Ltext7                       text7        000000
__Ltext8                       text8        000000
__Ltext9                       text9        000000
__S0                           (abs)        003000
__S1                           (abs)        0000BB
__S4                           (abs)        000000
__S5                           (abs)        000000
___awdiv                       text21       0019B4
___awdiv@counter               cstackCOMRAM 000005
___awdiv@dividend              cstackCOMRAM 000001
___awdiv@divisor               cstackCOMRAM 000003
___awdiv@quotient              cstackCOMRAM 000007
___awdiv@sign                  cstackCOMRAM 000006
___awmod                       text20       001B2E
___awmod@counter               cstackCOMRAM 000005
___awmod@dividend              cstackCOMRAM 000001
___awmod@divisor               cstackCOMRAM 000003
___awmod@sign                  cstackCOMRAM 000006
___fldiv                       text41       0009C4
___fldiv@a                     cstackCOMRAM 000013
___fldiv@aexp                  cstackCOMRAM 000027
___fldiv@b                     cstackCOMRAM 00000F
___fldiv@bexp                  cstackCOMRAM 000026
___fldiv@grs                   cstackCOMRAM 000022
___fldiv@new_exp               cstackCOMRAM 000020
___fldiv@rem                   cstackCOMRAM 00001B
___fldiv@sign                  cstackCOMRAM 00001F
___fltol                       text40       0016D2
___fltol@exp1                  cstackCOMRAM 000031
___fltol@f1                    cstackCOMRAM 000028
___fltol@sign1                 cstackCOMRAM 000030
___heap_hi                     (abs)        000000
___heap_lo                     (abs)        000000
___inthi_sp                    stack        000000
___intlo_sp                    stack        000000
___lwdiv                       text39       001D0A
___lwdiv@counter               cstackCOMRAM 000007
___lwdiv@dividend              cstackCOMRAM 000001
___lwdiv@divisor               cstackCOMRAM 000003
___lwdiv@quotient              cstackCOMRAM 000005
___lwmod                       text38       001E50
___lwmod@counter               cstackCOMRAM 00000C
___lwmod@dividend              cstackCOMRAM 000008
___lwmod@divisor               cstackCOMRAM 00000A
___param_bank                  (abs)        000000
___rparam_used                 (abs)        000001
___sp                          stack        000000
___xxtofl                      text37       00113A
___xxtofl@arg                  cstackCOMRAM 00000B
___xxtofl@exp                  cstackCOMRAM 00000A
___xxtofl@sign                 cstackCOMRAM 000009
___xxtofl@val                  cstackCOMRAM 000001
__accesstop                    (abs)        000060
__activetblptr                 (abs)        000002
__end_of_Change_password       text45       002228
__end_of_Clear_log             text42       001F64
__end_of_Dashboard_diplay      text33       000F60
__end_of_Download_Log          text22       001B2E
__end_of_Set_time              text14       0005F6
__end_of_View_Log              text13       001498
__end_of___awdiv               text21       001A78
__end_of___awmod               text20       001BDE
__end_of___fldiv               text41       000D5E
__end_of___fltol               text40       0017D8
__end_of___lwdiv               text39       001D7E
__end_of___lwmod               text38       001EB4
__end_of___xxtofl              text37       0012EE
__end_of__initialization       cinit        001E42
__end_of_clcd_print            text43       001DEA
__end_of_clcd_putch            text36       002176
__end_of_clcd_write            text44       00206A
__end_of_display_time          text35       0021D8
__end_of_eeprom_storing        text11       0018D2
__end_of_get_time              text18       001D0A
__end_of_i2c_idle              text30       0021C6
__end_of_i2c_no_ack            text31       002226
__end_of_i2c_read              text28       0021F0
__end_of_i2c_rep_start         text27       002218
__end_of_i2c_rx_mode           text29       002220
__end_of_i2c_start             text26       002210
__end_of_i2c_stop              text25       002208
__end_of_i2c_write             text24       0021E4
__end_of_init_adc              text10       002126
__end_of_init_clcd             text9        001C86
__end_of_init_config           text3        002108
__end_of_init_ds1307           text8        001FF0
__end_of_init_i2c              text7        00218C
__end_of_init_matrix_keypad    text6        002200
__end_of_init_timer0           text5        00215E
__end_of_init_uart             text4        0021B4
__end_of_isr                   intcode_body 001F0E
__end_of_main                  text0        0015CC
__end_of_main_menu             text2        00113A
__end_of_passwd_display        text1        0009C4
__end_of_put_char              text32       0021A2
__end_of_read_adc              text34       001FAC
__end_of_read_ds1307           text19       0020C0
__end_of_read_external_eeprom  text23       0020EA
__end_of_read_switches         text16       0019B4
__end_of_scan_key              text17       0016D2
__end_of_write_ds1307          text15       002144
__end_of_write_external_eeprom text12       002030
__initialization               cinit        001DEA
__mediumconst                  mediumconst  002EF6
__pbssBANK0                    bssBANK0     000060
__pbssCOMRAM                   bssCOMRAM    000033
__pcinit                       cinit        001DEA
__pcstackCOMRAM                cstackCOMRAM 000001
__pdataBANK0                   dataBANK0    00008F
__pdataCOMRAM                  dataCOMRAM   000056
__pidataBANK0                  idataBANK0   00206A
__pidataCOMRAM                 idataCOMRAM  0021F0
__pintcode                     intcode      000008
__pintcode_body                intcode_body 001EB4
__pmediumconst                 mediumconst  002EF6
__ptext0                       text0        001498
__ptext1                       text1        0005F6
__ptext10                      text10       002108
__ptext11                      text11       0017D8
__ptext12                      text12       001FF0
__ptext13                      text13       0012EE
__ptext14                      text14       000012
__ptext15                      text15       002126
__ptext16                      text16       0018D2
__ptext17                      text17       0015CC
__ptext18                      text18       001C86
__ptext19                      text19       002096
__ptext2                       text2        000F60
__ptext20                      text20       001B2E
__ptext21                      text21       0019B4
__ptext22                      text22       001A78
__ptext23                      text23       0020C0
__ptext24                      text24       0021D8
__ptext25                      text25       002200
__ptext26                      text26       002208
__ptext27                      text27       002210
__ptext28                      text28       0021E4
__ptext29                      text29       002218
__ptext3                       text3        0020EA
__ptext30                      text30       0021B4
__ptext31                      text31       002220
__ptext32                      text32       00218C
__ptext33                      text33       000D5E
__ptext34                      text34       001F64
__ptext35                      text35       0021C6
__ptext36                      text36       00215E
__ptext37                      text37       00113A
__ptext38                      text38       001E50
__ptext39                      text39       001D0A
__ptext4                       text4        0021A2
__ptext40                      text40       0016D2
__ptext41                      text41       0009C4
__ptext42                      text42       001F0E
__ptext43                      text43       001D7E
__ptext44                      text44       002030
__ptext45                      text45       002226
__ptext5                       text5        002144
__ptext6                       text6        0021F8
__ptext7                       text7        002176
__ptext8                       text8        001FAC
__ptext9                       text9        001BDE
__ramtop                       ramtop       000600
__smallconst                   smallconst   000000
_a                             bssBANK0     000070
_adc_val                       bssCOMRAM    000042
_add                           bssCOMRAM    000052
_arr                           dataBANK0    00008F
_c                             dataCOMRAM   000056
_calender_reg                  bssBANK0     000060
_clcd_print                    text43       001D7E
_clcd_putch                    text36       00215E
_clcd_write                    text44       002030
_clock_reg                     bssCOMRAM    000033
_col_flag                      bssCOMRAM    000040
_count                         bssCOMRAM    000036
_display_time                  text35       0021C6
_e_flag                        bssBANK0     00007E
_eeprom_storing                text11       0017D8
_ff                            dataBANK0    0000B3
_func_flag                     bssCOMRAM    000046
_get_time                      text18       001C86
_i2c_idle                      text30       0021B4
_i2c_no_ack                    text31       002220
_i2c_read                      text28       0021E4
_i2c_rep_start                 text27       002210
_i2c_rx_mode                   text29       002218
_i2c_start                     text26       002208
_i2c_stop                      text25       002200
_i2c_write                     text24       0021D8
_i@black_box$F225              bssCOMRAM    000053
_index                         bssCOMRAM    000044
_init_adc                      text10       002108
_init_clcd                     text9        001BDE
_init_config                   text3        0020EA
_init_ds1307                   text8        001FAC
_init_i2c                      text7        002176
_init_matrix_keypad            text6        0021F8
_init_timer0                   text5        002144
_init_uart                     text4        0021A2
_isr                           intcode      000008
_key                           bssCOMRAM    000048
_key1                          dataCOMRAM   00005C
_key_press                     bssCOMRAM    000055
_m_f                           bssBANK0     000084
_m_flag                        bssBANK0     000082
_m_index                       bssCOMRAM    00003C
_main                          text0        001498
_main_menu                     text2        000F60
_menu                          dataBANK0    0000A1
_orgArr@black_box$F223         dataBANK0    0000AF
_passwd_display                text1        0005F6
_put_char                      text32       00218C
_read_adc                      text34       001F64
_read_ds1307                   text19       002096
_read_external_eeprom          text23       0020C0
_read_switches                 text16       0018D2
_s_flag                        bssBANK0     00007C
_scan_key                      text17       0015CC
_sec                           dataCOMRAM   00005A
_secC                          bssBANK0     00006C
_speed                         bssCOMRAM    00003E
_t_count                       bssBANK0     000080
_temp@black_box$F224           bssBANK0     000068
_time                          bssBANK0     000086
_w_add                         bssCOMRAM    000051
_wait                          bssBANK0     000074
_write_ds1307                  text15       002126
_write_external_eeprom         text12       001FF0
btemp                          temp         00005E
clcd_print@addr                cstackCOMRAM 000005
clcd_print@data                cstackCOMRAM 000003
clcd_putch@addr                cstackCOMRAM 00000D
clcd_putch@data                cstackCOMRAM 00000E
clcd_write@byte                cstackCOMRAM 000002
clcd_write@control_bit         cstackCOMRAM 000001
eeprom_storing@i               cstackCOMRAM 000013
end_of_initialization          cinit        001E42
i2c_write@data                 cstackCOMRAM 000001
init_ds1307@dummy              cstackCOMRAM 00000B
int$flags                      temp         00005E
int_func                       intcode_body 001EB4
intlevel0                      text         000000
intlevel1                      text         000000
intlevel2                      text         000000
intlevel3                      text         000000
isa$std                        (abs)        000001
isa$xinst                      (abs)        000000
passwd_display@i               cstackCOMRAM 000015
passwd_display@j               cstackCOMRAM 000017
passwd_display@k               cstackCOMRAM 000013
passwd_display@l               cstackCOMRAM 000011
put_char@byte                  cstackCOMRAM 000001
read_adc@channel               cstackCOMRAM 000008
read_ds1307@address            cstackCOMRAM 000002
read_ds1307@data               cstackCOMRAM 000003
read_external_eeprom@address   cstackCOMRAM 000002
read_external_eeprom@data      cstackCOMRAM 000003
read_switches@detection        cstackCOMRAM 000003
read_switches@key              bssCOMRAM    00004A
read_switches@longpress        bssCOMRAM    000038
read_switches@once             bssCOMRAM    00004B
stackhi                        (abs)        000000
stacklo                        (abs)        000000
start                          init         00000E
start_initialization           cinit        001DEA
ttemp5                         temp         00005F
ttemp6                         temp         000062
ttemp7                         temp         000066
write_ds1307@address           cstackCOMRAM 00000A
write_ds1307@data              cstackCOMRAM 000009
write_external_eeprom@address  cstackCOMRAM 000010
write_external_eeprom@data     cstackCOMRAM 00000D
write_external_eeprom@i        cstackCOMRAM 00000E
wtemp8                         temp         00005F


MODULE INFORMATION

Module		Function		Class		Link	Load	Size
C:\Program Files\Microchip\xc8\v2.41\pic\sources\c99\common\awmod.c
		___awmod       		CODE           	1B2E	0000	176

C:\Program Files\Microchip\xc8\v2.41\pic\sources\c99\common\awmod.c estimated size: 176

C:\Program Files\Microchip\xc8\v2.41\pic\sources\c99\common\fltol.c
		___fltol       		CODE           	16D2	0000	262

C:\Program Files\Microchip\xc8\v2.41\pic\sources\c99\common\fltol.c estimated size: 262

ExtrenalEEprom.c
		_write_external_eeprom		CODE           	1FF0	0000	64
		_read_external_eeprom		CODE           	20C0	0000	42

ExtrenalEEprom.c estimated size: 106

C:\Program Files\Microchip\xc8\v2.41\pic\sources\c99\common\xxtofl.c
		___xxtofl      		CODE           	113A	0000	436

C:\Program Files\Microchip\xc8\v2.41\pic\sources\c99\common\xxtofl.c estimated size: 436

i2c.c
		_i2c_start     		CODE           	2208	0000	8
		_i2c_no_ack    		CODE           	2220	0000	6
		_i2c_rep_start 		CODE           	2210	0000	8
		_i2c_idle      		CODE           	21B4	0000	18
		_i2c_write     		CODE           	21D8	0000	12
		_i2c_stop      		CODE           	2200	0000	8
		_i2c_read      		CODE           	21E4	0000	12
		_init_i2c      		CODE           	2176	0000	22
		_i2c_rx_mode   		CODE           	2218	0000	8

i2c.c estimated size: 102

C:\Program Files\Microchip\xc8\v2.41\pic\sources\c99\common\lwdiv.c
		___lwdiv       		CODE           	1D0A	0000	116

C:\Program Files\Microchip\xc8\v2.41\pic\sources\c99\common\lwdiv.c estimated size: 116

C:\Program Files\Microchip\xc8\v2.41\pic\sources\c99\common\awdiv.c
		___awdiv       		CODE           	19B4	0000	196

C:\Program Files\Microchip\xc8\v2.41\pic\sources\c99\common\awdiv.c estimated size: 196

ds1307.c
		_read_ds1307   		CODE           	2096	0000	42
		_write_ds1307  		CODE           	2126	0000	30
		_display_time  		CODE           	21C6	0000	18
		_get_time      		CODE           	1C86	0000	132
		_init_ds1307   		CODE           	1FAC	0000	68

ds1307.c estimated size: 290

source.c
		_init_matrix_keypad		CODE           	21F8	0000	8
		_read_switches 		CODE           	18D2	0000	226
		_init_uart     		CODE           	21A2	0000	18
		_put_char      		CODE           	218C	0000	22
		_init_timer0   		CODE           	2144	0000	26
		_init_adc      		CODE           	2108	0000	30
		_isr           		CODE           	0008	0000	96
		_scan_key      		CODE           	15CC	0000	262
		_read_adc      		CODE           	1F64	0000	72

source.c estimated size: 760

shared
		__initialization		CODE           	1DEA	0000	88

shared estimated size: 88

clcd.c
		_clcd_write    		CODE           	2030	0000	58
		_clcd_print    		CODE           	1D7E	0000	108
		_clcd_putch    		CODE           	215E	0000	24
		_init_clcd     		CODE           	1BDE	0000	168

clcd.c estimated size: 358

black_box.c
		_Change_password		CODE           	2226	0000	2
		_eeprom_storing		CODE           	17D8	0000	250
		_Download_Log  		CODE           	1A78	0000	182
		_Set_time      		CODE           	0012	0000	1508
		_Clear_log     		CODE           	1F0E	0000	86
		_main_menu     		CODE           	0F60	0000	474
		_View_Log      		CODE           	12EE	0000	426
		_passwd_display		CODE           	05F6	0000	974
		_Dashboard_diplay		CODE           	0D5E	0000	514

black_box.c estimated size: 4416

main.c
		_main          		CODE           	1498	0000	308
		_init_config   		CODE           	20EA	0000	30

main.c estimated size: 338

C:\Program Files\Microchip\xc8\v2.41\pic\sources\c99\common\sprcdiv.c
		___fldiv       		CODE           	09C4	0000	922

C:\Program Files\Microchip\xc8\v2.41\pic\sources\c99\common\sprcdiv.c estimated size: 922

C:\Program Files\Microchip\xc8\v2.41\pic\sources\c99\common\lwmod.c
		___lwmod       		CODE           	1E50	0000	100

C:\Program Files\Microchip\xc8\v2.41\pic\sources\c99\common\lwmod.c estimated size: 100

